OUTPUT 1: "first output"
X	Y	Z	Prob.
0	0	0	0.175
0	0	1	0.175
0	1	0	0.075
0	1	1	0.075
1	0	0	0.075
1	0	1	0.075
1	1	0	0.175
1	1	1	0.175
END OUTPUT

OUTPUT 2: "second output"
X	Y	Prob.
0	0	0.350
0	1	0.150
1	0	0.150
1	1	0.350
END OUTPUT

OUTPUT 3: "fourth output"
X	Y	Prob.
0	0	0.350
0	1	0.150
1	0	0.150
1	1	0.350
END OUTPUT

OUTPUT 4: "third output"
X	Y	Prob.
0	0	0.350
0	1	0.150
1	0	0.150
1	1	0.350
END OUTPUT

