OUTPUT 1: "versao uncondicional"
X	Y	W	Z	Prob.
0	0	0	0	0.0468750
0	0	0	1	0.0468750
0	0	1	0	0.0468750
0	0	1	1	0.0468750
0	1	0	0	0.1406250
0	1	0	1	0.0156250
0	1	1	0	0.0156250
0	1	1	1	0.1406250
1	0	0	0	0.0468750
1	0	0	1	0.0468750
1	0	1	0	0.0468750
1	0	1	1	0.0468750
1	1	0	0	0.1406250
1	1	0	1	0.0156250
1	1	1	0	0.0156250
1	1	1	1	0.1406250
END OUTPUT

OUTPUT 2: "interv. tipo do(X=1)"
X	Y	Prob.
0	0	0.1875000
0	1	0.3125000
1	0	0.1875000
1	1	0.3125000
END OUTPUT

OUTPUT 3: "interv. tipo do(Z=1)"
X	W	Y	Prob.
0	0	0	0.0937500
0	0	1	0.1562500
0	1	0	0.0937500
0	1	1	0.1562500
1	0	0	0.0937500
1	0	1	0.1562500
1	1	0	0.0937500
1	1	1	0.1562500
END OUTPUT

OUTPUT 4: "interv. tipo do(Z=0)"
X	W	Y	Prob.
0	0	0	0.0937500
0	0	1	0.1562500
0	1	0	0.0937500
0	1	1	0.1562500
1	0	0	0.0937500
1	0	1	0.1562500
1	1	0	0.0937500
1	1	1	0.1562500
END OUTPUT

OUTPUT 5: "P(X)"
X	Prob.
0	0.5000000
1	0.5000000
END OUTPUT

OUTPUT 6: "P(Z)"
Z	Prob.
0	0.5000000
1	0.5000000
END OUTPUT

OUTPUT 7: "P(Z, W)"
Z	W	Prob.
0	0	0.3750000
0	1	0.1250000
1	0	0.1250000
1	1	0.3750000
END OUTPUT

OUTPUT 8: "P(X, Z, Y)"
X	Z	Y	Prob.
0	0	0	0.0937500
0	0	1	0.1562500
0	1	0	0.0937500
0	1	1	0.1562500
1	0	0	0.0937500
1	0	1	0.1562500
1	1	0	0.0937500
1	1	1	0.1562500
END OUTPUT

